// Jest Snapshot v1, https://goo.gl/fbAQLP

exports[`Account Component component 1`] = `ShallowWrapper {}`;
